[CONFIG] Got config path=sdmc:/switch/lgpt/config.xml
[CONFIG] No (bad?) config.xml
[System] Installing SDL audio
[AUDIO] Audio object initialised with
[AUDIO] Api:
[AUDIO] Device:
[AUDIO] Buffer size:2048
[AUDIO] Pre Buffer Count:4
[System] Installing DUMMY MIDI
[EVENT] joystick[0]=b4a0faf0
[EVENT] Number of axis:4
[EVENT] Number of buttons:28
[EVENT] Number of hats:0
[EVENT] joystick[1]=b4a110b0
[EVENT] Number of axis:4
[EVENT] Number of buttons:28
[EVENT] Number of hats:0
[EVENT] joystick[2]=b4a12670
[EVENT] Number of axis:4
[EVENT] Number of buttons:28
[EVENT] Number of hats:0
[EVENT] joystick[3]=b4a13c30
[EVENT] Number of axis:4
[EVENT] Number of buttons:28
[EVENT] Number of hats:0
[DISPLAY] Using driver Switch. Screen (1920,1080) Bpp:32
[DISPLAY] Creating SDL Window (1920,1080)
[DISPLAY] Preparing fonts
[DISPLAY] Preparing font cache
[DISPLAY] Preparing full font cache
[AppWindow] Auto-loading last project: 
[MAPPING] Attached /event/up to hat:0:0:0
[MAPPING] Attached /event/down to hat:0:0:2
[MAPPING] Attached /event/left to hat:0:0:3
[MAPPING] Attached /event/right to hat:0:0:1
[MAPPING] Attached /event/a to but:0:0
[MAPPING] Attached /event/b to but:0:1
[MAPPING] Attached /event/lshoulder to but:0:6
[MAPPING] Attached /event/rshoulder to but:0:7
[MAPPING] Attached /event/start to but:0:10
[*ERROR*] Trying to map unknown node /event/select
[-D-] Mapping config
[LoadProject] 

[*ERROR*] Failed to open /samples/
[*ERROR*] Failed to open /samples/
[AUDIO] switch successfully opened with 2048 samples 44100
[MixerService] output initialized
[MIXER] first BUFFERNEEDED event
[*ERROR*] Audio overrun, please report
[*ERROR*] Audio overrun, please report
[*ERROR*] Audio overrun, please report
[*ERROR*] Audio overrun, please report
[*ERROR*] Audio overrun, please report
[*ERROR*] Audio overrun, please report
[*ERROR*] Audio overrun, please report
[*ERROR*] Audio overrun, please report
[*ERROR*] Audio overrun, please report
[*ERROR*] Audio overrun, please report
[*ERROR*] Audio overrun, please report
[*ERROR*] Audio overrun, please report
[*ERROR*] Audio overrun, please report
[*ERROR*] Audio overrun, please report
[*ERROR*] Audio overrun, please report
[*ERROR*] Audio overrun, please report
[*ERROR*] Audio overrun, please report
[*ERROR*] Audio overrun, please report
[*ERROR*] Audio overrun, please report
[*ERROR*] Audio overrun, please report
[*ERROR*] Audio overrun, please report
[*ERROR*] Audio overrun, please report
[*ERROR*] Audio overrun, please report
[*ERROR*] Audio overrun, please report
[*ERROR*] Audio overrun, please report
[*ERROR*] Audio overrun, please report
[*ERROR*] Audio overrun, please report
[*ERROR*] Audio overrun, please report
[*ERROR*] Audio overrun, please report
[*ERROR*] Audio overrun, please report
[*ERROR*] Audio overrun, please report
[*ERROR*] Audio overrun, please report
[*ERROR*] Audio overrun, please report
[*ERROR*] Audio overrun, please report
[*ERROR*] Audio overrun, please report
[*ERROR*] Audio overrun, please report
[*ERROR*] Audio overrun, please report
[*ERROR*] Audio overrun, please report
[*ERROR*] Audio overrun, please report
[*ERROR*] Audio overrun, please report
[*ERROR*] Audio overrun, please report
[*ERROR*] Audio overrun, please report
[*ERROR*] Audio overrun, please report
[*ERROR*] Audio overrun, please report
[*ERROR*] Audio overrun, please report
[*ERROR*] Audio overrun, please report
[*ERROR*] Audio overrun, please report
[*ERROR*] Audio overrun, please report
[*ERROR*] Audio overrun, please report
[*ERROR*] Audio overrun, please report
[*ERROR*] Audio overrun, please report
[*ERROR*] Audio overrun, please report
[*ERROR*] Audio overrun, please report
[*ERROR*] Audio overrun, please report
[*ERROR*] Audio overrun, please report
[*ERROR*] Audio overrun, please report
[*ERROR*] Audio overrun, please report
[*ERROR*] Audio overrun, please report
[*ERROR*] Audio overrun, please report
[*ERROR*] Audio overrun, please report
[*ERROR*] Audio overrun, please report
[*ERROR*] Audio overrun, please report
[*ERROR*] Audio overrun, please report
[*ERROR*] Audio overrun, please report
[*ERROR*] Audio overrun, please report
[*ERROR*] Audio overrun, please report
[*ERROR*] Audio overrun, please report
[*ERROR*] Audio overrun, please report
[*ERROR*] Audio overrun, please report
[*ERROR*] Audio overrun, please report
[*ERROR*] Audio overrun, please report
[*ERROR*] Audio overrun, please report
[*ERROR*] Audio overrun, please report
[*ERROR*] Audio overrun, please report
[*ERROR*] Audio overrun, please report
[*ERROR*] Audio overrun, please report
[*ERROR*] Audio overrun, please report
[*ERROR*] Audio overrun, please report
[*ERROR*] Audio overrun, please report
[*ERROR*] Audio overrun, please report
[*ERROR*] Audio overrun, please report
[*ERROR*] Audio overrun, please report
[*ERROR*] Audio overrun, please report
[*ERROR*] Audio overrun, please report
[*ERROR*] Audio overrun, please report
[*ERROR*] Audio overrun, please report
[*ERROR*] Audio overrun, please report
[*ERROR*] Audio overrun, please report
[*ERROR*] Audio overrun, please report
[*ERROR*] Audio overrun, please report
[*ERROR*] Audio overrun, please report
[*ERROR*] Audio overrun, please report
[*ERROR*] Audio overrun, please report
[*ERROR*] Audio overrun, please report
[*ERROR*] Audio overrun, please report
[*ERROR*] Audio overrun, please report
[*ERROR*] Audio overrun, please report
[*ERROR*] Audio overrun, please report
[*ERROR*] Audio overrun, please report
[*ERROR*] Audio overrun, please report
[*ERROR*] Audio overrun, please report
[*ERROR*] Audio overrun, please report
[*ERROR*] Audio overrun, please report
[*ERROR*] Audio overrun, please report
[*ERROR*] Audio overrun, please report
[*ERROR*] Audio overrun, please report
[*ERROR*] Audio overrun, please report
[*ERROR*] Audio overrun, please report
[*ERROR*] Audio overrun, please report
[*ERROR*] Audio overrun, please report
[*ERROR*] Audio overrun, please report
[*ERROR*] Audio overrun, please report
[*ERROR*] Audio overrun, please report
[*ERROR*] Audio overrun, please report
[*ERROR*] Audio overrun, please report
[*ERROR*] Audio overrun, please report
[*ERROR*] Audio overrun, please report
[*ERROR*] Audio overrun, please report
[*ERROR*] Audio overrun, please report
[*ERROR*] Audio overrun, please report
[*ERROR*] Audio overrun, please report
[*ERROR*] Audio overrun, please report
[*ERROR*] Audio overrun, please report
[*ERROR*] Audio overrun, please report
[*ERROR*] Audio overrun, please report
[*ERROR*] Audio overrun, please report
[*ERROR*] Audio overrun, please report
[*ERROR*] Audio overrun, please report
[*ERROR*] Audio overrun, please report
[*ERROR*] Audio overrun, please report
[*ERROR*] Audio overrun, please report
[*ERROR*] Audio overrun, please report
[EVENT] but(14):14
[*ERROR*] Audio overrun, please report
[*ERROR*] Audio overrun, please report
[*ERROR*] Audio overrun, please report
[*ERROR*] Audio overrun, please report
[*ERROR*] Audio overrun, please report
[*ERROR*] Audio overrun, please report
[*ERROR*] Audio overrun, please report
[*ERROR*] Audio overrun, please report
[*ERROR*] Audio overrun, please report
[*ERROR*] Audio overrun, please report
[*ERROR*] Audio overrun, please report
[*ERROR*] Audio overrun, please report
[*ERROR*] Audio overrun, please report
[*ERROR*] Audio overrun, please report
[*ERROR*] Audio overrun, please report
[*ERROR*] Audio overrun, please report
[*ERROR*] Audio overrun, please report
[*ERROR*] Audio overrun, please report
[*ERROR*] Audio overrun, please report
[*ERROR*] Audio overrun, please report
[*ERROR*] Audio overrun, please report
[*ERROR*] Audio overrun, please report
[*ERROR*] Audio overrun, please report
[*ERROR*] Audio overrun, please report
[*ERROR*] Audio overrun, please report
[*ERROR*] Audio overrun, please report
[*ERROR*] Audio overrun, please report
[*ERROR*] Audio overrun, please report
[*ERROR*] Audio overrun, please report
[*ERROR*] Audio overrun, please report
[*ERROR*] Audio overrun, please report
[*ERROR*] Audio overrun, please report
[*ERROR*] Audio overrun, please report
[*ERROR*] Audio overrun, please report
[*ERROR*] Audio overrun, please report
[*ERROR*] Audio overrun, please report
[EVENT] but(14):14
[*ERROR*] Audio overrun, please report
[*ERROR*] Audio overrun, please report
[*ERROR*] Audio overrun, please report
[*ERROR*] Audio overrun, please report
[*ERROR*] Audio overrun, please report
[*ERROR*] Audio overrun, please report
[*ERROR*] Audio overrun, please report
[*ERROR*] Audio overrun, please report
[*ERROR*] Audio overrun, please report
[*ERROR*] Audio overrun, please report
[*ERROR*] Audio overrun, please report
[*ERROR*] Audio overrun, please report
[*ERROR*] Audio overrun, please report
[*ERROR*] Audio overrun, please report
[*ERROR*] Audio overrun, please report
[*ERROR*] Audio overrun, please report
[*ERROR*] Audio overrun, please report
[*ERROR*] Audio overrun, please report
[*ERROR*] Audio overrun, please report
[*ERROR*] Audio overrun, please report
[*ERROR*] Audio overrun, please report
[*ERROR*] Audio overrun, please report
[*ERROR*] Audio overrun, please report
[*ERROR*] Audio overrun, please report
[*ERROR*] Audio overrun, please report
[*ERROR*] Audio overrun, please report
[*ERROR*] Audio overrun, please report
[*ERROR*] Audio overrun, please report
[*ERROR*] Audio overrun, please report
[*ERROR*] Audio overrun, please report
[*ERROR*] Audio overrun, please report
[*ERROR*] Audio overrun, please report
[*ERROR*] Audio overrun, please report
[*ERROR*] Audio overrun, please report
[MIXER] BUFFERNEEDED count=500
[*ERROR*] Audio overrun, please report
[*ERROR*] Audio overrun, please report
[*ERROR*] Audio overrun, please report
[*ERROR*] Audio overrun, please report
[*ERROR*] Audio overrun, please report
[*ERROR*] Audio overrun, please report
[*ERROR*] Audio overrun, please report
[*ERROR*] Audio overrun, please report
[*ERROR*] Audio overrun, please report
[*ERROR*] Audio overrun, please report
[*ERROR*] Audio overrun, please report
[EVENT] but(13):13
[*ERROR*] Audio overrun, please report
[*ERROR*] Audio overrun, please report
[*ERROR*] Audio overrun, please report
[*ERROR*] Audio overrun, please report
[*ERROR*] Audio overrun, please report
[*ERROR*] Audio overrun, please report
[*ERROR*] Audio overrun, please report
[*ERROR*] Audio overrun, please report
[*ERROR*] Audio overrun, please report
[*ERROR*] Audio overrun, please report
[*ERROR*] Audio overrun, please report
[*ERROR*] Audio overrun, please report
[*ERROR*] Audio overrun, please report
[EVENT] but(12):12
[*ERROR*] Audio overrun, please report
[*ERROR*] Audio overrun, please report
[*ERROR*] Audio overrun, please report
[*ERROR*] Audio overrun, please report
[*ERROR*] Audio overrun, please report
[*ERROR*] Audio overrun, please report
[*ERROR*] Audio overrun, please report
[*ERROR*] Audio overrun, please report
[EVENT] but(15):15
[*ERROR*] Audio overrun, please report
[*ERROR*] Audio overrun, please report
[*ERROR*] Audio overrun, please report
[*ERROR*] Audio overrun, please report
[*ERROR*] Audio overrun, please report
[*ERROR*] Audio overrun, please report
[*ERROR*] Audio overrun, please report
[*ERROR*] Audio overrun, please report
[*ERROR*] Audio overrun, please report
[*ERROR*] Audio overrun, please report
[*ERROR*] Audio overrun, please report
[*ERROR*] Audio overrun, please report
[*ERROR*] Audio overrun, please report
[*ERROR*] Audio overrun, please report
[*ERROR*] Audio overrun, please report
[*ERROR*] Audio overrun, please report
[*ERROR*] Audio overrun, please report
[*ERROR*] Audio overrun, please report
[*ERROR*] Audio overrun, please report
[*ERROR*] Audio overrun, please report
[*ERROR*] Audio overrun, please report
[*ERROR*] Audio overrun, please report
[*ERROR*] Audio overrun, please report
[*ERROR*] Audio overrun, please report
[EVENT] but(14):14
[*ERROR*] Audio overrun, please report
[*ERROR*] Audio overrun, please report
[*ERROR*] Audio overrun, please report
[*ERROR*] Audio overrun, please report
[*ERROR*] Audio overrun, please report
[*ERROR*] Audio overrun, please report
[*ERROR*] Audio overrun, please report
[*ERROR*] Audio overrun, please report
[*ERROR*] Audio overrun, please report
[*ERROR*] Audio overrun, please report
[*ERROR*] Audio overrun, please report
[*ERROR*] Audio overrun, please report
[*ERROR*] Audio overrun, please report
[EVENT] but(13):13
[*ERROR*] Audio overrun, please report
[*ERROR*] Audio overrun, please report
[*ERROR*] Audio overrun, please report
[*ERROR*] Audio overrun, please report
[*ERROR*] Audio overrun, please report
[*ERROR*] Audio overrun, please report
[*ERROR*] Audio overrun, please report
[*ERROR*] Audio overrun, please report
[*ERROR*] Audio overrun, please report
[*ERROR*] Audio overrun, please report
[*ERROR*] Audio overrun, please report
[*ERROR*] Audio overrun, please report
[*ERROR*] Audio overrun, please report
[*ERROR*] Audio overrun, please report
[*ERROR*] Audio overrun, please report
[*ERROR*] Audio overrun, please report
[*ERROR*] Audio overrun, please report
[*ERROR*] Audio overrun, please report
[*ERROR*] Audio overrun, please report
[*ERROR*] Audio overrun, please report
[*ERROR*] Audio overrun, please report
[*ERROR*] Audio overrun, please report
[*ERROR*] Audio overrun, please report
[EVENT] but(12):12
[*ERROR*] Audio overrun, please report
[EVENT] but(15):15
[*ERROR*] Audio overrun, please report
[*ERROR*] Audio overrun, please report
[*ERROR*] Audio overrun, please report
[*ERROR*] Audio overrun, please report
[*ERROR*] Audio overrun, please report
[*ERROR*] Audio overrun, please report
[*ERROR*] Audio overrun, please report
[*ERROR*] Audio overrun, please report
[*ERROR*] Audio overrun, please report
[*ERROR*] Audio overrun, please report
[*ERROR*] Audio overrun, please report
[*ERROR*] Audio overrun, please report
[*ERROR*] Audio overrun, please report
[*ERROR*] Audio overrun, please report
[*ERROR*] Audio overrun, please report
[*ERROR*] Audio overrun, please report
[*ERROR*] Audio overrun, please report
[*ERROR*] Audio overrun, please report
[*ERROR*] Audio overrun, please report
[*ERROR*] Audio overrun, please report
[*ERROR*] Audio overrun, please report
[*ERROR*] Audio overrun, please report
[*ERROR*] Audio overrun, please report
[*ERROR*] Audio overrun, please report
[*ERROR*] Audio overrun, please report
[*ERROR*] Audio overrun, please report
[*ERROR*] Audio overrun, please report
[*ERROR*] Audio overrun, please report
[*ERROR*] Audio overrun, please report
[*ERROR*] Audio overrun, please report
[*ERROR*] Audio overrun, please report
[*ERROR*] Audio overrun, please report
[*ERROR*] Audio overrun, please report
[*ERROR*] Audio overrun, please report
[*ERROR*] Audio overrun, please report
[*ERROR*] Audio overrun, please report
[*ERROR*] Audio overrun, please report
[*ERROR*] Audio overrun, please report
[EVENT] but(14):14
[*ERROR*] Audio overrun, please report
[*ERROR*] Audio overrun, please report
[*ERROR*] Audio overrun, please report
[*ERROR*] Audio overrun, please report
[*ERROR*] Audio overrun, please report
[*ERROR*] Audio overrun, please report
[*ERROR*] Audio overrun, please report
[*ERROR*] Audio overrun, please report
[*ERROR*] Audio overrun, please report
[*ERROR*] Audio overrun, please report
[*ERROR*] Audio overrun, please report
[*ERROR*] Audio overrun, please report
[*ERROR*] Audio overrun, please report
[*ERROR*] Audio overrun, please report
[*ERROR*] Audio overrun, please report
[*ERROR*] Audio overrun, please report
[*ERROR*] Audio overrun, please report
[*ERROR*] Audio overrun, please report
[*ERROR*] Audio overrun, please report
[*ERROR*] Audio overrun, please report
[*ERROR*] Audio overrun, please report
[*ERROR*] Audio overrun, please report
[*ERROR*] Audio overrun, please report
[*ERROR*] Audio overrun, please report
[*ERROR*] Audio overrun, please report
[*ERROR*] Audio overrun, please report
[*ERROR*] Audio overrun, please report
[*ERROR*] Audio overrun, please report
[*ERROR*] Audio overrun, please report
[*ERROR*] Audio overrun, please report
[*ERROR*] Audio overrun, please report
[*ERROR*] Audio overrun, please report
[*ERROR*] Audio overrun, please report
[*ERROR*] Audio overrun, please report
[*ERROR*] Audio overrun, please report
[*ERROR*] Audio overrun, please report
[*ERROR*] Audio overrun, please report
[*ERROR*] Audio overrun, please report
[*ERROR*] Audio overrun, please report
[EVENT] but(14):14
[*ERROR*] Audio overrun, please report
[*ERROR*] Audio overrun, please report
[*ERROR*] Audio overrun, please report
[*ERROR*] Audio overrun, please report
[*ERROR*] Audio overrun, please report
[*ERROR*] Audio overrun, please report
[*ERROR*] Audio overrun, please report
[*ERROR*] Audio overrun, please report
[*ERROR*] Audio overrun, please report
[*ERROR*] Audio overrun, please report
[*ERROR*] Audio overrun, please report
[*ERROR*] Audio overrun, please report
[*ERROR*] Audio overrun, please report
[*ERROR*] Audio overrun, please report
[*ERROR*] Audio overrun, please report
[*ERROR*] Audio overrun, please report
[*ERROR*] Audio overrun, please report
[*ERROR*] Audio overrun, please report
[*ERROR*] Audio overrun, please report
[*ERROR*] Audio overrun, please report
[*ERROR*] Audio overrun, please report
[*ERROR*] Audio overrun, please report
[EVENT] but(14):14
[*ERROR*] Audio overrun, please report
[*ERROR*] Audio overrun, please report
[*ERROR*] Audio overrun, please report
[*ERROR*] Audio overrun, please report
[*ERROR*] Audio overrun, please report
[*ERROR*] Audio overrun, please report
[*ERROR*] Audio overrun, please report
[*ERROR*] Audio overrun, please report
[*ERROR*] Audio overrun, please report
[*ERROR*] Audio overrun, please report
[*ERROR*] Audio overrun, please report
[*ERROR*] Audio overrun, please report
[*ERROR*] Audio overrun, please report
[*ERROR*] Audio overrun, please report
[*ERROR*] Audio overrun, please report
[*ERROR*] Audio overrun, please report
[*ERROR*] Audio overrun, please report
[*ERROR*] Audio overrun, please report
[*ERROR*] Audio overrun, please report
[*ERROR*] Audio overrun, please report
[*ERROR*] Audio overrun, please report
[*ERROR*] Audio overrun, please report
[*ERROR*] Audio overrun, please report
[*ERROR*] Audio overrun, please report
[*ERROR*] Audio overrun, please report
[*ERROR*] Audio overrun, please report
[*ERROR*] Audio overrun, please report
[*ERROR*] Audio overrun, please report
[*ERROR*] Audio overrun, please report
[*ERROR*] Audio overrun, please report
[*ERROR*] Audio overrun, please report
[MIXER] BUFFERNEEDED count=1000
[*ERROR*] Audio overrun, please report
[*ERROR*] Audio overrun, please report
[*ERROR*] Audio overrun, please report
[*ERROR*] Audio overrun, please report
[*ERROR*] Audio overrun, please report
[*ERROR*] Audio overrun, please report
[*ERROR*] Audio overrun, please report
[*ERROR*] Audio overrun, please report
[*ERROR*] Audio overrun, please report
[*ERROR*] Audio overrun, please report
[*ERROR*] Audio overrun, please report
[*ERROR*] Audio overrun, please report
[*ERROR*] Audio overrun, please report
[*ERROR*] Audio overrun, please report
[*ERROR*] Audio overrun, please report
[*ERROR*] Audio overrun, please report
[*ERROR*] Audio overrun, please report
[*ERROR*] Audio overrun, please report
[*ERROR*] Audio overrun, please report
[*ERROR*] Audio overrun, please report
[*ERROR*] Audio overrun, please report
[*ERROR*] Audio overrun, please report
[EVENT] but(14):14
[*ERROR*] Audio overrun, please report
[*ERROR*] Audio overrun, please report
[*ERROR*] Audio overrun, please report
[*ERROR*] Audio overrun, please report
[*ERROR*] Audio overrun, please report
[*ERROR*] Audio overrun, please report
[*ERROR*] Audio overrun, please report
[*ERROR*] Audio overrun, please report
[*ERROR*] Audio overrun, please report
[*ERROR*] Audio overrun, please report
[*ERROR*] Audio overrun, please report
[*ERROR*] Audio overrun, please report
[*ERROR*] Audio overrun, please report
[*ERROR*] Audio overrun, please report
[*ERROR*] Audio overrun, please report
[*ERROR*] Audio overrun, please report
[*ERROR*] Audio overrun, please report
[*ERROR*] Audio overrun, please report
[*ERROR*] Audio overrun, please report
[*ERROR*] Audio overrun, please report
[*ERROR*] Audio overrun, please report
[*ERROR*] Audio overrun, please report
[*ERROR*] Audio overrun, please report
[*ERROR*] Audio overrun, please report
[*ERROR*] Audio overrun, please report
[*ERROR*] Audio overrun, please report
[*ERROR*] Audio overrun, please report
[*ERROR*] Audio overrun, please report
[*ERROR*] Audio overrun, please report
[*ERROR*] Audio overrun, please report
[*ERROR*] Audio overrun, please report
[*ERROR*] Audio overrun, please report
[EVENT] but(14):14
[*ERROR*] Audio overrun, please report
[*ERROR*] Audio overrun, please report
[*ERROR*] Audio overrun, please report
[*ERROR*] Audio overrun, please report
[*ERROR*] Audio overrun, please report
[*ERROR*] Audio overrun, please report
[*ERROR*] Audio overrun, please report
[*ERROR*] Audio overrun, please report
[*ERROR*] Audio overrun, please report
[*ERROR*] Audio overrun, please report
[*ERROR*] Audio overrun, please report
[*ERROR*] Audio overrun, please report
[*ERROR*] Audio overrun, please report
[*ERROR*] Audio overrun, please report
[*ERROR*] Audio overrun, please report
[*ERROR*] Audio overrun, please report
[*ERROR*] Audio overrun, please report
[*ERROR*] Audio overrun, please report
[*ERROR*] Audio overrun, please report
[*ERROR*] Audio overrun, please report
[*ERROR*] Audio overrun, please report
[*ERROR*] Audio overrun, please report
[*ERROR*] Audio overrun, please report
[*ERROR*] Audio overrun, please report
[*ERROR*] Audio overrun, please report
[*ERROR*] Audio overrun, please report
[*ERROR*] Audio overrun, please report
[*ERROR*] Audio overrun, please report
[*ERROR*] Audio overrun, please report
[*ERROR*] Audio overrun, please report
[*ERROR*] Audio overrun, please report
[*ERROR*] Audio overrun, please report
[*ERROR*] Audio overrun, please report
[*ERROR*] Audio overrun, please report
[*ERROR*] Audio overrun, please report
[*ERROR*] Audio overrun, please report
[*ERROR*] Audio overrun, please report
[*ERROR*] Audio overrun, please report
[*ERROR*] Audio overrun, please report
[*ERROR*] Audio overrun, please report
[*ERROR*] Audio overrun, please report
[*ERROR*] Audio overrun, please report
[*ERROR*] Audio overrun, please report
[*ERROR*] Audio overrun, please report
[*ERROR*] Audio overrun, please report
[EVENT] but(15):15
[*ERROR*] Audio overrun, please report
[*ERROR*] Audio overrun, please report
[*ERROR*] Audio overrun, please report
[*ERROR*] Audio overrun, please report
[*ERROR*] Audio overrun, please report
[*ERROR*] Audio overrun, please report
[*ERROR*] Audio overrun, please report
[*ERROR*] Audio overrun, please report
[*ERROR*] Audio overrun, please report
[*ERROR*] Audio overrun, please report
[*ERROR*] Audio overrun, please report
[*ERROR*] Audio overrun, please report
[*ERROR*] Audio overrun, please report
[*ERROR*] Audio overrun, please report
[*ERROR*] Audio overrun, please report
[*ERROR*] Audio overrun, please report
[*ERROR*] Audio overrun, please report
[*ERROR*] Audio overrun, please report
[*ERROR*] Audio overrun, please report
[EVENT] but(15):15
[*ERROR*] Audio overrun, please report
[*ERROR*] Audio overrun, please report
[*ERROR*] Audio overrun, please report
[*ERROR*] Audio overrun, please report
[*ERROR*] Audio overrun, please report
[*ERROR*] Audio overrun, please report
[*ERROR*] Audio overrun, please report
[*ERROR*] Audio overrun, please report
[*ERROR*] Audio overrun, please report
[*ERROR*] Audio overrun, please report
[*ERROR*] Audio overrun, please report
[*ERROR*] Audio overrun, please report
[*ERROR*] Audio overrun, please report
[*ERROR*] Audio overrun, please report
[*ERROR*] Audio overrun, please report
[*ERROR*] Audio overrun, please report
[*ERROR*] Audio overrun, please report
[*ERROR*] Audio overrun, please report
[*ERROR*] Audio overrun, please report
[*ERROR*] Audio overrun, please report
[*ERROR*] Audio overrun, please report
[*ERROR*] Audio overrun, please report
[*ERROR*] Audio overrun, please report
[EVENT] but(15):15
[*ERROR*] Audio overrun, please report
[*ERROR*] Audio overrun, please report
[*ERROR*] Audio overrun, please report
[*ERROR*] Audio overrun, please report
[*ERROR*] Audio overrun, please report
[*ERROR*] Audio overrun, please report
[*ERROR*] Audio overrun, please report
[*ERROR*] Audio overrun, please report
[*ERROR*] Audio overrun, please report
[*ERROR*] Audio overrun, please report
[*ERROR*] Audio overrun, please report
[*ERROR*] Audio overrun, please report
[*ERROR*] Audio overrun, please report
[*ERROR*] Audio overrun, please report
[*ERROR*] Audio overrun, please report
[*ERROR*] Audio overrun, please report
[*ERROR*] Audio overrun, please report
[*ERROR*] Audio overrun, please report
[*ERROR*] Audio overrun, please report
[*ERROR*] Audio overrun, please report
[*ERROR*] Audio overrun, please report
[*ERROR*] Audio overrun, please report
[*ERROR*] Audio overrun, please report
[*ERROR*] Audio overrun, please report
[*ERROR*] Audio overrun, please report
[*ERROR*] Audio overrun, please report
[*ERROR*] Audio overrun, please report
[*ERROR*] Audio overrun, please report
[*ERROR*] Audio overrun, please report
[*ERROR*] Audio overrun, please report
[*ERROR*] Audio overrun, please report
[*ERROR*] Audio overrun, please report
[*ERROR*] Audio overrun, please report
[*ERROR*] Audio overrun, please report
[*ERROR*] Audio overrun, please report
[*ERROR*] Audio overrun, please report
[*ERROR*] Audio overrun, please report
[*ERROR*] Audio overrun, please report
[*ERROR*] Audio overrun, please report
[*ERROR*] Audio overrun, please report
[*ERROR*] Audio overrun, please report
[*ERROR*] Audio overrun, please report
[*ERROR*] Audio overrun, please report
[*ERROR*] Audio overrun, please report
[EVENT] but(15):15
[*ERROR*] Audio overrun, please report
[*ERROR*] Audio overrun, please report
[*ERROR*] Audio overrun, please report
[*ERROR*] Audio overrun, please report
[*ERROR*] Audio overrun, please report
[*ERROR*] Audio overrun, please report
[*ERROR*] Audio overrun, please report
[*ERROR*] Audio overrun, please report
[*ERROR*] Audio overrun, please report
[*ERROR*] Audio overrun, please report
[*ERROR*] Audio overrun, please report
[*ERROR*] Audio overrun, please report
[*ERROR*] Audio overrun, please report
[*ERROR*] Audio overrun, please report
[*ERROR*] Audio overrun, please report
[*ERROR*] Audio overrun, please report
[*ERROR*] Audio overrun, please report
[*ERROR*] Audio overrun, please report
[*ERROR*] Audio overrun, please report
[*ERROR*] Audio overrun, please report
[*ERROR*] Audio overrun, please report
[*ERROR*] Audio overrun, please report
[*ERROR*] Audio overrun, please report
[*ERROR*] Audio overrun, please report
[*ERROR*] Audio overrun, please report
[*ERROR*] Audio overrun, please report
[*ERROR*] Audio overrun, please report
[*ERROR*] Audio overrun, please report
[*ERROR*] Audio overrun, please report
[*ERROR*] Audio overrun, please report
[*ERROR*] Audio overrun, please report
[*ERROR*] Audio overrun, please report
[*ERROR*] Audio overrun, please report
[*ERROR*] Audio overrun, please report
[*ERROR*] Audio overrun, please report
[*ERROR*] Audio overrun, please report
[*ERROR*] Audio overrun, please report
[*ERROR*] Audio overrun, please report
[*ERROR*] Audio overrun, please report
[MIXER] BUFFERNEEDED count=1500
[*ERROR*] Audio overrun, please report
[*ERROR*] Audio overrun, please report
[*ERROR*] Audio overrun, please report
[*ERROR*] Audio overrun, please report
[*ERROR*] Audio overrun, please report
[*ERROR*] Audio overrun, please report
[EVENT] but(12):12
[*ERROR*] Audio overrun, please report
[*ERROR*] Audio overrun, please report
[*ERROR*] Audio overrun, please report
[*ERROR*] Audio overrun, please report
[*ERROR*] Audio overrun, please report
[*ERROR*] Audio overrun, please report
[*ERROR*] Audio overrun, please report
[*ERROR*] Audio overrun, please report
[*ERROR*] Audio overrun, please report
[*ERROR*] Audio overrun, please report
[*ERROR*] Audio overrun, please report
[*ERROR*] Audio overrun, please report
[*ERROR*] Audio overrun, please report
[*ERROR*] Audio overrun, please report
[*ERROR*] Audio overrun, please report
[*ERROR*] Audio overrun, please report
[*ERROR*] Audio overrun, please report
[*ERROR*] Audio overrun, please report
[*ERROR*] Audio overrun, please report
[*ERROR*] Audio overrun, please report
[*ERROR*] Audio overrun, please report
[*ERROR*] Audio overrun, please report
[*ERROR*] Audio overrun, please report
[*ERROR*] Audio overrun, please report
[*ERROR*] Audio overrun, please report
[*ERROR*] Audio overrun, please report
[*ERROR*] Audio overrun, please report
[*ERROR*] Audio overrun, please report
[*ERROR*] Audio overrun, please report
[*ERROR*] Audio overrun, please report
[*ERROR*] Audio overrun, please report
[*ERROR*] Audio overrun, please report
[*ERROR*] Audio overrun, please report
[*ERROR*] Audio overrun, please report
[*ERROR*] Audio overrun, please report
[*ERROR*] Audio overrun, please report
[*ERROR*] Audio overrun, please report
[*ERROR*] Audio overrun, please report
[EVENT] but(12):12
[*ERROR*] Audio overrun, please report
[*ERROR*] Audio overrun, please report
[*ERROR*] Audio overrun, please report
[*ERROR*] Audio overrun, please report
[*ERROR*] Audio overrun, please report
[*ERROR*] Audio overrun, please report
[*ERROR*] Audio overrun, please report
[*ERROR*] Audio overrun, please report
[*ERROR*] Audio overrun, please report
[*ERROR*] Audio overrun, please report
[*ERROR*] Audio overrun, please report
[*ERROR*] Audio overrun, please report
[*ERROR*] Audio overrun, please report
[*ERROR*] Audio overrun, please report
[*ERROR*] Audio overrun, please report
[*ERROR*] Audio overrun, please report
[*ERROR*] Audio overrun, please report
[*ERROR*] Audio overrun, please report
[*ERROR*] Audio overrun, please report
[*ERROR*] Audio overrun, please report
[*ERROR*] Audio overrun, please report
[*ERROR*] Audio overrun, please report
[*ERROR*] Audio overrun, please report
[*ERROR*] Audio overrun, please report
[*ERROR*] Audio overrun, please report
[*ERROR*] Audio overrun, please report
[*ERROR*] Audio overrun, please report
[*ERROR*] Audio overrun, please report
[*ERROR*] Audio overrun, please report
[*ERROR*] Audio overrun, please report
[*ERROR*] Audio overrun, please report
[*ERROR*] Audio overrun, please report
[*ERROR*] Audio overrun, please report
[EVENT] but(12):12
[*ERROR*] Audio overrun, please report
[*ERROR*] Audio overrun, please report
[*ERROR*] Audio overrun, please report
[*ERROR*] Audio overrun, please report
[*ERROR*] Audio overrun, please report
[*ERROR*] Audio overrun, please report
[*ERROR*] Audio overrun, please report
[*ERROR*] Audio overrun, please report
[*ERROR*] Audio overrun, please report
[*ERROR*] Audio overrun, please report
[*ERROR*] Audio overrun, please report
[*ERROR*] Audio overrun, please report
[*ERROR*] Audio overrun, please report
[*ERROR*] Audio overrun, please report
[*ERROR*] Audio overrun, please report
[*ERROR*] Audio overrun, please report
[*ERROR*] Audio overrun, please report
[*ERROR*] Audio overrun, please report
[*ERROR*] Audio overrun, please report
[*ERROR*] Audio overrun, please report
[*ERROR*] Audio overrun, please report
[*ERROR*] Audio overrun, please report
[*ERROR*] Audio overrun, please report
[*ERROR*] Audio overrun, please report
[*ERROR*] Audio overrun, please report
[*ERROR*] Audio overrun, please report
[*ERROR*] Audio overrun, please report
[*ERROR*] Audio overrun, please report
[*ERROR*] Audio overrun, please report
[*ERROR*] Audio overrun, please report
[*ERROR*] Audio overrun, please report
[*ERROR*] Audio overrun, please report
[*ERROR*] Audio overrun, please report
[*ERROR*] Audio overrun, please report
[*ERROR*] Audio overrun, please report
[*ERROR*] Audio overrun, please report
[*ERROR*] Audio overrun, please report
[EVENT] but(12):12
[*ERROR*] Audio overrun, please report
[*ERROR*] Audio overrun, please report
[*ERROR*] Audio overrun, please report
[*ERROR*] Audio overrun, please report
[*ERROR*] Audio overrun, please report
[*ERROR*] Audio overrun, please report
[*ERROR*] Audio overrun, please report
[*ERROR*] Audio overrun, please report
[*ERROR*] Audio overrun, please report
[*ERROR*] Audio overrun, please report
[*ERROR*] Audio overrun, please report
[*ERROR*] Audio overrun, please report
[*ERROR*] Audio overrun, please report
[*ERROR*] Audio overrun, please report
[*ERROR*] Audio overrun, please report
[*ERROR*] Audio overrun, please report
[*ERROR*] Audio overrun, please report
[*ERROR*] Audio overrun, please report
[*ERROR*] Audio overrun, please report
[*ERROR*] Audio overrun, please report
[*ERROR*] Audio overrun, please report
[*ERROR*] Audio overrun, please report
[*ERROR*] Audio overrun, please report
[*ERROR*] Audio overrun, please report
[*ERROR*] Audio overrun, please report
[*ERROR*] Audio overrun, please report
[*ERROR*] Audio overrun, please report
[*ERROR*] Audio overrun, please report
[*ERROR*] Audio overrun, please report
[*ERROR*] Audio overrun, please report
[*ERROR*] Audio overrun, please report
[*ERROR*] Audio overrun, please report
[EVENT] but(13):13
[*ERROR*] Audio overrun, please report
[*ERROR*] Audio overrun, please report
[*ERROR*] Audio overrun, please report
[*ERROR*] Audio overrun, please report
[*ERROR*] Audio overrun, please report
[*ERROR*] Audio overrun, please report
[*ERROR*] Audio overrun, please report
[*ERROR*] Audio overrun, please report
[*ERROR*] Audio overrun, please report
[*ERROR*] Audio overrun, please report
[*ERROR*] Audio overrun, please report
[*ERROR*] Audio overrun, please report
[*ERROR*] Audio overrun, please report
[*ERROR*] Audio overrun, please report
[*ERROR*] Audio overrun, please report
[*ERROR*] Audio overrun, please report
[*ERROR*] Audio overrun, please report
[*ERROR*] Audio overrun, please report
[EVENT] but(13):13
[*ERROR*] Audio overrun, please report
[*ERROR*] Audio overrun, please report
[*ERROR*] Audio overrun, please report
[*ERROR*] Audio overrun, please report
[*ERROR*] Audio overrun, please report
[*ERROR*] Audio overrun, please report
[*ERROR*] Audio overrun, please report
[*ERROR*] Audio overrun, please report
[*ERROR*] Audio overrun, please report
[*ERROR*] Audio overrun, please report
[*ERROR*] Audio overrun, please report
[*ERROR*] Audio overrun, please report
[*ERROR*] Audio overrun, please report
[*ERROR*] Audio overrun, please report
[*ERROR*] Audio overrun, please report
[*ERROR*] Audio overrun, please report
[*ERROR*] Audio overrun, please report
[EVENT] but(13):13
[*ERROR*] Audio overrun, please report
[*ERROR*] Audio overrun, please report
[*ERROR*] Audio overrun, please report
[*ERROR*] Audio overrun, please report
[*ERROR*] Audio overrun, please report
[*ERROR*] Audio overrun, please report
[*ERROR*] Audio overrun, please report
[*ERROR*] Audio overrun, please report
[*ERROR*] Audio overrun, please report
[*ERROR*] Audio overrun, please report
[*ERROR*] Audio overrun, please report
[*ERROR*] Audio overrun, please report
[*ERROR*] Audio overrun, please report
[*ERROR*] Audio overrun, please report
[EVENT] but(13):13
[*ERROR*] Audio overrun, please report
[*ERROR*] Audio overrun, please report
[*ERROR*] Audio overrun, please report
[*ERROR*] Audio overrun, please report
[*ERROR*] Audio overrun, please report
[*ERROR*] Audio overrun, please report
[*ERROR*] Audio overrun, please report
[*ERROR*] Audio overrun, please report
[*ERROR*] Audio overrun, please report
[*ERROR*] Audio overrun, please report
[*ERROR*] Audio overrun, please report
[MIXER] BUFFERNEEDED count=2000
[*ERROR*] Audio overrun, please report
[*ERROR*] Audio overrun, please report
[*ERROR*] Audio overrun, please report
[*ERROR*] Audio overrun, please report
[*ERROR*] Audio overrun, please report
[*ERROR*] Audio overrun, please report
[*ERROR*] Audio overrun, please report
[*ERROR*] Audio overrun, please report
[EVENT] but(13):13
[*ERROR*] Audio overrun, please report
[*ERROR*] Audio overrun, please report
[*ERROR*] Audio overrun, please report
[*ERROR*] Audio overrun, please report
[*ERROR*] Audio overrun, please report
[*ERROR*] Audio overrun, please report
[*ERROR*] Audio overrun, please report
[*ERROR*] Audio overrun, please report
[*ERROR*] Audio overrun, please report
[*ERROR*] Audio overrun, please report
[*ERROR*] Audio overrun, please report
[*ERROR*] Audio overrun, please report
[*ERROR*] Audio overrun, please report
[*ERROR*] Audio overrun, please report
[*ERROR*] Audio overrun, please report
[*ERROR*] Audio overrun, please report
[*ERROR*] Audio overrun, please report
[*ERROR*] Audio overrun, please report
[*ERROR*] Audio overrun, please report
[*ERROR*] Audio overrun, please report
